Microchip MPLAB XC8 Compiler V2.41

Linker command line:

-W-3 \
  --edf=C:/Program Files/Microchip/MPLABX/v6.10/packs/Microchip/PIC18Fxxxx_DFP/1.4.151/xc8\pic\dat\20230323171731_en.msgs \
  -cn -h+dist/default/production\Learning.production.sym \
  --cmf=dist/default/production\Learning.production.cmf -z -Q18F4620 \
  -oC:\Users\mahdy\AppData\Local\Temp\xcAsnho.\driver_tmp_3.o \
  --defsym=__MPLAB_BUILD=1 --fixupoverflow=error \
  -Mdist/default/production/Learning.production.map \
  --md=C:\Users\mahdy\AppData\Local\Temp\xcAsnho.\driver_tmp_0.dat -E1 \
  -ver=XC8 Compiler --acfsm=1493 -ACODE=00h-0FFFFh -ACONST=00h-0FFFFh \
  -ASMALLCONST=01000h-010FFhx240 -AMEDIUMCONST=01000h-0FFFFh \
  -ACOMRAM=01h-07Fh -AABS1=00h-0F7Fh -ABIGRAM=01h-0F7Fh \
  -ARAM=080h-0FFh,0100h-01FFhx14,0F00h-0F7Fh -ABANK0=080h-0FFh \
  -ABANK1=0100h-01FFh -ABANK2=0200h-02FFh -ABANK3=0300h-03FFh \
  -ABANK4=0400h-04FFh -ABANK5=0500h-05FFh -ABANK6=0600h-06FFh \
  -ABANK7=0700h-07FFh -ABANK8=0800h-08FFh -ABANK9=0900h-09FFh \
  -ABANK10=0A00h-0AFFh -ABANK11=0B00h-0BFFh -ABANK12=0C00h-0CFFh \
  -ABANK13=0D00h-0DFFh -ABANK14=0E00h-0EFFh -ABANK15=0F00h-0F7Fh \
  -ASFR=0F80h-0FFFh -ABIGSFR=0F80h-0FFFh -ACONFIG=0300000h-030000Dh \
  -AIDLOC=0200000h-0200007h -AEEDATA=0F00000h-0F003FFh -peeprom_data=EEDATA \
  -preset_vec=00h,intcode,intcodelo,powerup,init -pramtop=01000h \
  -psmallconst=SMALLCONST -pmediumconst=MEDIUMCONST -pconst=CONST \
  -AFARRAM=00h-00h \
  -prdata=COMRAM,nvrram=COMRAM,nvbit=COMRAM,rbss=COMRAM,rbit=COMRAM \
  -pfarbss=FARRAM,fardata=FARRAM,nvFARRAM=FARRAM \
  -pintsave_regs=BIGRAM,bigbss=BIGRAM,bigdata=BIGRAM -pbss=RAM \
  -pidata=CODE,irdata=CODE,ibigdata=CODE,ifardata=CODE -prparam=COMRAM \
  C:\Users\mahdy\AppData\Local\Temp\xcAsnho.\driver_tmp_14.o \
  dist/default/production\Learning.production.o 

Object code version is 3.11

Machine type is 18F4620



                Name                               Link     Load   Length Selector   Space Scale
C:\Users\mahdy\AppData\Local\Temp\xcAsnho.\driver_tmp_14.o
                config                           300000   300000        E        0       4
                init                                  0        0        4        0       0
dist/default/production\Learning.production.o
                config                           300000   300000        E        0       4
                smallconst                         1000     1000       54      800       0
                text60                             5356     5356       6A      82A       0
                text59                             3C08     3C08      1B4      82A       0
                text58                             421C     421C      14A      82A       0
                text57                             3DBC     3DBC      180      82A       0
                text56                             4B12     4B12       C0      82A       0
                text55                             5814     5814       3A      82A       0
                text54                             4C8C     4C8C       B2      82A       0
                text53                             4FDA     4FDA       8C      82A       0
                text52                             40B2     40B2      16A      82A       0
                text51                             59AA     59AA       1A     2CD5       0
                text50                             59C4     59C4        6     2CD5       0
                text49                             4BD2     4BD2       BA      82A       0
                text48                             3A54     3A54      1B4      82A       0
                text47                             5274     5274       72      82A       0
                text46                             4D3E     4D3E       B0      82A       0
                text45                             570E     570E       44      82A       0
                text44                             5178     5178       82      82A       0
                text43                             5066     5066       8A      82A       0
                text42                             54EE     54EE       60      82A       0
                text41                             3F3C     3F3C      176      82A       0
                text40                             4482     4482      10C      82A       0
                text39                             4896     4896       EC      82A       0
                text38                             57D4     57D4       40      82A       0
                text37                             59CA     59CA        2     2CD5       0
                text36                             4982     4982       CA      82A       0
                text35                             56CA     56CA       44      82A       0
                text34                             51FA     51FA       7A      82A       0
                text33                             388C     388C      1C8      82A       0
                text32                             32E0     32E0      39A      82A       0
                text31                             4DEE     4DEE       AA      82A       0
                text30                             4694     4694      104      82A       0
                text29                             2EB6     2EB6      42A      82A       0
                text28                             58BE     58BE       38      82A       0
                text27                             29F6     29F6      4C0      82A       0
                text26                             5684     5684       46      82A       0
                text25                             458E     458E      106      82A       0
                text24                             4798     4798       FE      82A       0
                text23                             367A     367A      212      82A       0
                text22                             5428     5428       66      82A       0
                text21                             55EE     55EE       50      82A       0
                text20                             5794     5794       40      82A       0
                text19                             1054     1054      9CE      82A       0
                text18                             594E     594E       26      82A       0
                text17                             4A4C     4A4C       C6      82A       0
                text16                             4E98     4E98       A4      82A       0
                text15                             50F0     50F0       88      82A       0
                text14                             4366     4366      11C      82A       0
                text13                             24EC     24EC      50A      82A       0
                text12                             559E     559E       50      82A       0
                text11                             554E     554E       50      82A       0
                text10                             52E6     52E6       70      82A       0
                text9                              4F3C     4F3C       9E      82A       0
                text8                              5886     5886       38      82A       0
                text7                              548E     548E       60      82A       0
                text6                              5922     5922       2C      82A       0
                text5                              563E     563E       46      82A       0
                text4                              58F6     58F6       2C      82A       0
                text3                              584E     584E       38      82A       0
                text2                              1A22     1A22      568      82A       0
                text1                              5752     5752       42      82A       0
                text0                              1F8A     1F8A      562      82A       0
                cstackCOMRAM                          1        1       7C        1       1
                cstackBANK0                          B5       B5       2B       80       1
                dataBANK1                           1C8      1C8       1A      100       1
                bssBANK1                            100      100       C8      100       1
                dataBANK0                            E0       E0       1B       80       1
                bssBANK0                             80       80       35       80       1
                bssCOMRAM                            7D       7D        3        1       1
                cinit                              53C0     53C0       68      82A       0
                idataBANK1                         598F     598F       1A      82A       0
                idataBANK0                         5974     5974       1B      82A       0

TOTAL           Name                               Link     Load   Length     Space
        CLASS   CODE           
                init                                  0        0        4         0
                text60                             5356     5356       6A         0
                text59                             3C08     3C08      1B4         0
                text58                             421C     421C      14A         0
                text57                             3DBC     3DBC      180         0
                text56                             4B12     4B12       C0         0
                text55                             5814     5814       3A         0
                text54                             4C8C     4C8C       B2         0
                text53                             4FDA     4FDA       8C         0
                text52                             40B2     40B2      16A         0
                text51                             59AA     59AA       1A         0
                text50                             59C4     59C4        6         0
                text49                             4BD2     4BD2       BA         0
                text48                             3A54     3A54      1B4         0
                text47                             5274     5274       72         0
                text46                             4D3E     4D3E       B0         0
                text45                             570E     570E       44         0
                text44                             5178     5178       82         0
                text43                             5066     5066       8A         0
                text42                             54EE     54EE       60         0
                text41                             3F3C     3F3C      176         0
                text40                             4482     4482      10C         0
                text39                             4896     4896       EC         0
                text38                             57D4     57D4       40         0
                text37                             59CA     59CA        2         0
                text36                             4982     4982       CA         0
                text35                             56CA     56CA       44         0
                text34                             51FA     51FA       7A         0
                text33                             388C     388C      1C8         0
                text32                             32E0     32E0      39A         0
                text31                             4DEE     4DEE       AA         0
                text30                             4694     4694      104         0
                text29                             2EB6     2EB6      42A         0
                text28                             58BE     58BE       38         0
                text27                             29F6     29F6      4C0         0
                text26                             5684     5684       46         0
                text25                             458E     458E      106         0
                text24                             4798     4798       FE         0
                text23                             367A     367A      212         0
                text22                             5428     5428       66         0
                text21                             55EE     55EE       50         0
                text20                             5794     5794       40         0
                text19                             1054     1054      9CE         0
                text18                             594E     594E       26         0
                text17                             4A4C     4A4C       C6         0
                text16                             4E98     4E98       A4         0
                text15                             50F0     50F0       88         0
                text14                             4366     4366      11C         0
                text13                             24EC     24EC      50A         0
                text12                             559E     559E       50         0
                text11                             554E     554E       50         0
                text10                             52E6     52E6       70         0
                text9                              4F3C     4F3C       9E         0
                text8                              5886     5886       38         0
                text7                              548E     548E       60         0
                text6                              5922     5922       2C         0
                text5                              563E     563E       46         0
                text4                              58F6     58F6       2C         0
                text3                              584E     584E       38         0
                text2                              1A22     1A22      568         0
                text1                              5752     5752       42         0
                text0                              1F8A     1F8A      562         0
                cinit                              53C0     53C0       68         0
                idataBANK1                         598F     598F       1A         0
                idataBANK0                         5974     5974       1B         0

        CLASS   CONST          

        CLASS   SMALLCONST     
                smallconst                         1000     1000       54         0

        CLASS   MEDIUMCONST    

        CLASS   COMRAM         
                cstackCOMRAM                          1        1       7C         1
                bssCOMRAM                            7D       7D        3         1

        CLASS   ABS1           

        CLASS   BIGRAM         

        CLASS   RAM            

        CLASS   BANK0          
                cstackBANK0                          B5       B5       2B         1
                dataBANK0                            E0       E0       1B         1
                bssBANK0                             80       80       35         1

        CLASS   BANK1          
                dataBANK1                           1C8      1C8       1A         1
                bssBANK1                            100      100       C8         1

        CLASS   BANK2          

        CLASS   BANK3          

        CLASS   BANK4          

        CLASS   BANK5          

        CLASS   BANK6          

        CLASS   BANK7          

        CLASS   BANK8          

        CLASS   BANK9          

        CLASS   BANK10         

        CLASS   BANK11         

        CLASS   BANK12         

        CLASS   BANK13         

        CLASS   BANK14         

        CLASS   BANK15         

        CLASS   SFR            

        CLASS   BIGSFR         

        CLASS   CONFIG         
                config                           300000   300000        E         4

        CLASS   IDLOC          

        CLASS   EEDATA         

        CLASS   FARRAM         

        CLASS   HEAP           

        CLASS   STACK          



SEGMENTS        Name                           Load    Length   Top    Selector   Space  Class

                reset_vec                      000000  000004  000004         0       0  CODE    
                cstackCOMRAM                   000001  00007F  000080         1       1  COMRAM  
                bssBANK0                       000080  00007B  0000FB        80       1  BANK0   
                bssBANK1                       000100  0000E2  0001E2       100       1  BANK1   
                smallconst                     001000  000054  001054       800       0  SMALLCON
                text19                         001054  004955  0059A9       82A       0  CODE    
                text51                         0059AA  000022  0059CC      2CD5       0  CODE    


UNUSED ADDRESS RANGES

        Name                Unused          Largest block    Delta
        BANK0            0000FB-0000FF                5
        BANK1            0001E2-0001FF               1E
        BANK10           000A00-000AFF              100
        BANK11           000B00-000BFF              100
        BANK12           000C00-000CFF              100
        BANK13           000D00-000DFF              100
        BANK14           000E00-000EFF              100
        BANK15           000F00-000F7F               80
        BANK2            000200-0002FF              100
        BANK3            000300-0003FF              100
        BANK4            000400-0004FF              100
        BANK5            000500-0005FF              100
        BANK6            000600-0006FF              100
        BANK7            000700-0007FF              100
        BANK8            000800-0008FF              100
        BANK9            000900-0009FF              100
        BIGRAM           0000FB-0000FF                5
                         0001E2-000F7F              D9E
        BIGSFR           000F80-000FFF               80
        CODE             000004-000FFF              FFC
                         0059A9-0059A9                1
                         0059CC-00FFFF             A634
        CONST            000004-000FFF              FFC
                         0059A9-0059A9                1
                         0059CC-00FFFF             A634
        EEDATA           F00000-F003FF              400
        IDLOC            200000-200007                8
        MEDIUMCONST      0059A9-0059A9                1
                         0059CC-00FFFF             A634
        RAM              0000FB-0000FF                5
                         0001E2-000F7F              100
        SFR              000F80-000FFF               80
        SMALLCONST       0059A9-0059A9                1
                         0059CC-00FFFF              100

                                  Symbol Table

?___aldiv                               cstackCOMRAM 000001
?___almod                               cstackCOMRAM 000001
?___fladd                               cstackCOMRAM 000001
?___fldiv                               cstackCOMRAM 00000F
?___flmul                               cstackCOMRAM 000001
?___flneg                               cstackCOMRAM 000001
?___flsub                               cstackCOMRAM 00001A
?___fltol                               cstackCOMRAM 000001
?___fpclassifyf                         cstackCOMRAM 000001
?___lldiv                               cstackCOMRAM 000001
?___llmod                               cstackCOMRAM 000001
?___lmul                                cstackCOMRAM 000001
?___omul                                cstackCOMRAM 000001
?___strtoxll                            cstackCOMRAM 000019
?___wmul                                cstackCOMRAM 000001
?___xxtofl                              cstackCOMRAM 000001
?_abs                                   cstackCOMRAM 00000B
?_floorf                                cstackCOMRAM 000028
?_isalnum                               cstackCOMRAM 000007
?_isalpha                               cstackCOMRAM 000001
?_isdigit                               cstackCOMRAM 000001
?_islower                               cstackCOMRAM 000001
?_isspace                               cstackCOMRAM 000001
?_labs                                  cstackCOMRAM 000001
?_read_prec_or_width                    cstackCOMRAM 000007
?_sprintf                               cstackBANK0  0000C2
?_strcmp                                cstackCOMRAM 000001
?_strtoll                               cstackCOMRAM 000047
?_toupper                               cstackCOMRAM 000005
?_vfprintf                              cstackBANK0  0000BC
_LATA                                   (abs)        000F89
_LATB                                   (abs)        000F8A
_LATC                                   (abs)        000F8B
_LATD                                   (abs)        000F8C
_LATE                                   (abs)        000F8D
_PORTA                                  (abs)        000F80
_PORTB                                  (abs)        000F81
_PORTC                                  (abs)        000F82
_PORTD                                  (abs)        000F83
_PORTE                                  (abs)        000F84
_TRISA                                  (abs)        000F92
_TRISB                                  (abs)        000F93
_TRISC                                  (abs)        000F94
_TRISD                                  (abs)        000F95
_TRISE                                  (abs)        000F96
__HRAM                                  (abs)        000000
__H__absolute__                         __absolute__ 000000
__Habs1                                 abs1         000000
__Hbank0                                bank0        000000
__Hbank1                                bank1        000000
__Hbank10                               bank10       000000
__Hbank11                               bank11       000000
__Hbank12                               bank12       000000
__Hbank13                               bank13       000000
__Hbank14                               bank14       000000
__Hbank15                               bank15       000000
__Hbank2                                bank2        000000
__Hbank3                                bank3        000000
__Hbank4                                bank4        000000
__Hbank5                                bank5        000000
__Hbank6                                bank6        000000
__Hbank7                                bank7        000000
__Hbank8                                bank8        000000
__Hbank9                                bank9        000000
__Hbigbss                               bigbss       000000
__Hbigdata                              bigdata      000000
__Hbigram                               bigram       000000
__Hbigsfr                               bigsfr       000000
__Hbss                                  bss          000000
__HbssBANK0                             bssBANK0     000000
__HbssBANK1                             bssBANK1     000000
__HbssCOMRAM                            bssCOMRAM    000000
__Hcinit                                cinit        000000
__Hclrtext                              clrtext      000000
__Hcomram                               comram       000000
__Hconfig                               config       30000E
__Hconst                                const        000000
__HcstackBANK0                          cstackBANK0  000000
__HcstackCOMRAM                         cstackCOMRAM 000000
__Hdata                                 data         000000
__HdataBANK0                            dataBANK0    000000
__HdataBANK1                            dataBANK1    000000
__Heeprom_data                          eeprom_data  000000
__Hfarbss                               farbss       000000
__Hfardata                              fardata      000000
__Hheap                                 heap         000000
__Hibigdata                             ibigdata     000000
__Hidata                                idata        000000
__HidataBANK0                           idataBANK0   000000
__HidataBANK1                           idataBANK1   000000
__Hidloc                                idloc        000000
__Hifardata                             ifardata     000000
__Hinit                                 init         000004
__Hintcode                              intcode      000000
__Hintcode_body                         intcode_body 000000
__Hintcodelo                            intcodelo    000000
__Hintentry                             intentry     000000
__Hintret                               intret       000000
__Hintsave_regs                         intsave_regs 000000
__Hirdata                               irdata       000000
__Hmediumconst                          mediumconst  000000
__HnvFARRAM                             nvFARRAM     000000
__Hnvbit                                nvbit        000000
__Hnvrram                               nvrram       000000
__Hparam                                rparam       000000
__Hpowerup                              powerup      000000
__Hram                                  ram          000000
__Hramtop                               ramtop       001000
__Hrbit                                 rbit         000000
__Hrbss                                 rbss         000000
__Hrdata                                rdata        000000
__Hreset_vec                            reset_vec    000000
__Hrparam                               rparam       000000
__Hsfr                                  sfr          000000
__Hsmallconst                           smallconst   001054
__Hspace_0                              (abs)        0059CC
__Hspace_1                              (abs)        0001E2
__Hspace_2                              (abs)        000000
__Hspace_4                              (abs)        60000E
__Hstack                                stack        000000
__Hstruct                               struct       000000
__Htemp                                 temp         000000
__Htext                                 text         000000
__Htext0                                text0        000000
__Htext1                                text1        000000
__Htext10                               text10       000000
__Htext11                               text11       000000
__Htext12                               text12       000000
__Htext13                               text13       000000
__Htext14                               text14       000000
__Htext15                               text15       000000
__Htext16                               text16       000000
__Htext17                               text17       000000
__Htext18                               text18       000000
__Htext19                               text19       000000
__Htext2                                text2        000000
__Htext20                               text20       000000
__Htext21                               text21       000000
__Htext22                               text22       000000
__Htext23                               text23       000000
__Htext24                               text24       000000
__Htext25                               text25       000000
__Htext26                               text26       000000
__Htext27                               text27       000000
__Htext28                               text28       000000
__Htext29                               text29       000000
__Htext3                                text3        000000
__Htext30                               text30       000000
__Htext31                               text31       000000
__Htext32                               text32       000000
__Htext33                               text33       000000
__Htext34                               text34       000000
__Htext35                               text35       000000
__Htext36                               text36       000000
__Htext37                               text37       000000
__Htext38                               text38       000000
__Htext39                               text39       000000
__Htext4                                text4        000000
__Htext40                               text40       000000
__Htext41                               text41       000000
__Htext42                               text42       000000
__Htext43                               text43       000000
__Htext44                               text44       000000
__Htext45                               text45       000000
__Htext46                               text46       000000
__Htext47                               text47       000000
__Htext48                               text48       000000
__Htext49                               text49       000000
__Htext5                                text5        000000
__Htext50                               text50       000000
__Htext51                               text51       000000
__Htext52                               text52       000000
__Htext53                               text53       000000
__Htext54                               text54       000000
__Htext55                               text55       000000
__Htext56                               text56       000000
__Htext57                               text57       000000
__Htext58                               text58       000000
__Htext59                               text59       000000
__Htext6                                text6        000000
__Htext60                               text60       000000
__Htext7                                text7        000000
__Htext8                                text8        000000
__Htext9                                text9        000000
__LRAM                                  (abs)        000001
__L__absolute__                         __absolute__ 000000
__Labs1                                 abs1         000000
__Lbank0                                bank0        000000
__Lbank1                                bank1        000000
__Lbank10                               bank10       000000
__Lbank11                               bank11       000000
__Lbank12                               bank12       000000
__Lbank13                               bank13       000000
__Lbank14                               bank14       000000
__Lbank15                               bank15       000000
__Lbank2                                bank2        000000
__Lbank3                                bank3        000000
__Lbank4                                bank4        000000
__Lbank5                                bank5        000000
__Lbank6                                bank6        000000
__Lbank7                                bank7        000000
__Lbank8                                bank8        000000
__Lbank9                                bank9        000000
__Lbigbss                               bigbss       000000
__Lbigdata                              bigdata      000000
__Lbigram                               bigram       000000
__Lbigsfr                               bigsfr       000000
__Lbss                                  bss          000000
__LbssBANK0                             bssBANK0     000000
__LbssBANK1                             bssBANK1     000000
__LbssCOMRAM                            bssCOMRAM    000000
__Lcinit                                cinit        000000
__Lclrtext                              clrtext      000000
__Lcomram                               comram       000000
__Lconfig                               config       000000
__Lconst                                const        000000
__LcstackBANK0                          cstackBANK0  000000
__LcstackCOMRAM                         cstackCOMRAM 000000
__Ldata                                 data         000000
__LdataBANK0                            dataBANK0    000000
__LdataBANK1                            dataBANK1    000000
__Leeprom_data                          eeprom_data  000000
__Lfarbss                               farbss       000000
__Lfardata                              fardata      000000
__Lheap                                 heap         000000
__Libigdata                             ibigdata     000000
__Lidata                                idata        000000
__LidataBANK0                           idataBANK0   000000
__LidataBANK1                           idataBANK1   000000
__Lidloc                                idloc        000000
__Lifardata                             ifardata     000000
__Linit                                 init         000000
__Lintcode                              intcode      000000
__Lintcode_body                         intcode_body 000000
__Lintcodelo                            intcodelo    000000
__Lintentry                             intentry     000000
__Lintret                               intret       000000
__Lintsave_regs                         intsave_regs 000000
__Lirdata                               irdata       000000
__Lmediumconst                          mediumconst  000000
__LnvFARRAM                             nvFARRAM     000000
__Lnvbit                                nvbit        000000
__Lnvrram                               nvrram       000000
__Lparam                                rparam       000000
__Lpowerup                              powerup      000000
__Lram                                  ram          000000
__Lramtop                               ramtop       001000
__Lrbit                                 rbit         000000
__Lrbss                                 rbss         000000
__Lrdata                                rdata        000000
__Lreset_vec                            reset_vec    000000
__Lrparam                               rparam       000000
__Lsfr                                  sfr          000000
__Lsmallconst                           smallconst   001000
__Lspace_0                              (abs)        000000
__Lspace_1                              (abs)        000000
__Lspace_2                              (abs)        000000
__Lspace_4                              (abs)        000000
__Lstack                                stack        000000
__Lstruct                               struct       000000
__Ltemp                                 temp         000000
__Ltext                                 text         000000
__Ltext0                                text0        000000
__Ltext1                                text1        000000
__Ltext10                               text10       000000
__Ltext11                               text11       000000
__Ltext12                               text12       000000
__Ltext13                               text13       000000
__Ltext14                               text14       000000
__Ltext15                               text15       000000
__Ltext16                               text16       000000
__Ltext17                               text17       000000
__Ltext18                               text18       000000
__Ltext19                               text19       000000
__Ltext2                                text2        000000
__Ltext20                               text20       000000
__Ltext21                               text21       000000
__Ltext22                               text22       000000
__Ltext23                               text23       000000
__Ltext24                               text24       000000
__Ltext25                               text25       000000
__Ltext26                               text26       000000
__Ltext27                               text27       000000
__Ltext28                               text28       000000
__Ltext29                               text29       000000
__Ltext3                                text3        000000
__Ltext30                               text30       000000
__Ltext31                               text31       000000
__Ltext32                               text32       000000
__Ltext33                               text33       000000
__Ltext34                               text34       000000
__Ltext35                               text35       000000
__Ltext36                               text36       000000
__Ltext37                               text37       000000
__Ltext38                               text38       000000
__Ltext39                               text39       000000
__Ltext4                                text4        000000
__Ltext40                               text40       000000
__Ltext41                               text41       000000
__Ltext42                               text42       000000
__Ltext43                               text43       000000
__Ltext44                               text44       000000
__Ltext45                               text45       000000
__Ltext46                               text46       000000
__Ltext47                               text47       000000
__Ltext48                               text48       000000
__Ltext49                               text49       000000
__Ltext5                                text5        000000
__Ltext50                               text50       000000
__Ltext51                               text51       000000
__Ltext52                               text52       000000
__Ltext53                               text53       000000
__Ltext54                               text54       000000
__Ltext55                               text55       000000
__Ltext56                               text56       000000
__Ltext57                               text57       000000
__Ltext58                               text58       000000
__Ltext59                               text59       000000
__Ltext6                                text6        000000
__Ltext60                               text60       000000
__Ltext7                                text7        000000
__Ltext8                                text8        000000
__Ltext9                                text9        000000
__S0                                    (abs)        0059CC
__S1                                    (abs)        0001E2
__S4                                    (abs)        000000
__S5                                    (abs)        000000
___aldiv                                text40       004482
___aldiv@counter                        cstackCOMRAM 000009
___aldiv@dividend                       cstackCOMRAM 000001
___aldiv@divisor                        cstackCOMRAM 000005
___aldiv@quotient                       cstackCOMRAM 00000B
___aldiv@sign                           cstackCOMRAM 00000A
___almod                                text39       004896
___almod@counter                        cstackCOMRAM 000009
___almod@dividend                       cstackCOMRAM 000001
___almod@divisor                        cstackCOMRAM 000005
___almod@sign                           cstackCOMRAM 00000A
___fladd                                text27       0029F6
___fladd@a                              cstackCOMRAM 000005
___fladd@aexp                           cstackCOMRAM 00000E
___fladd@b                              cstackCOMRAM 000001
___fladd@bexp                           cstackCOMRAM 00000F
___fladd@grs                            cstackCOMRAM 000010
___fladd@signs                          cstackCOMRAM 00000D
___fldiv                                text32       0032E0
___fldiv@a                              cstackCOMRAM 000013
___fldiv@aexp                           cstackCOMRAM 000027
___fldiv@b                              cstackCOMRAM 00000F
___fldiv@bexp                           cstackCOMRAM 000026
___fldiv@grs                            cstackCOMRAM 000022
___fldiv@new_exp                        cstackCOMRAM 000020
___fldiv@rem                            cstackCOMRAM 00001B
___fldiv@sign                           cstackCOMRAM 00001F
___fleq                                 text31       004DEE
___fleq@ff1                             cstackCOMRAM 000001
___fleq@ff2                             cstackCOMRAM 000005
___flge                                 text30       004694
___flge@ff1                             cstackCOMRAM 00001A
___flge@ff2                             cstackCOMRAM 00001E
___flmul                                text29       002EB6
___flmul@a                              cstackCOMRAM 000005
___flmul@aexp                           cstackCOMRAM 000012
___flmul@b                              cstackCOMRAM 000001
___flmul@bexp                           cstackCOMRAM 000013
___flmul@grs                            cstackCOMRAM 00000E
___flmul@prod                           cstackCOMRAM 000014
___flmul@sign                           cstackCOMRAM 00000D
___flmul@temp                           cstackCOMRAM 000018
___flneg                                text28       0058BE
___flneg@f1                             cstackCOMRAM 000001
___flsub                                text26       005684
___flsub@a                              cstackCOMRAM 00001E
___flsub@b                              cstackCOMRAM 00001A
___fltol                                text25       00458E
___fltol@exp1                           cstackCOMRAM 00000A
___fltol@f1                             cstackCOMRAM 000001
___fltol@sign1                          cstackCOMRAM 000009
___fpclassifyf                          text24       004798
___fpclassifyf@F465                     bssBANK0     000084
___fpclassifyf@e                        cstackCOMRAM 000009
___fpclassifyf@u                        cstackCOMRAM 00000B
___fpclassifyf@x                        cstackCOMRAM 000001
___heap_hi                              (abs)        000000
___heap_lo                              (abs)        000000
___inthi_sp                             stack        000000
___intlo_sp                             stack        000000
___lldiv                                text16       004E98
___lldiv@counter                        cstackCOMRAM 00000D
___lldiv@dividend                       cstackCOMRAM 000001
___lldiv@divisor                        cstackCOMRAM 000005
___lldiv@quotient                       cstackCOMRAM 000009
___llmod                                text15       0050F0
___llmod@counter                        cstackCOMRAM 000009
___llmod@dividend                       cstackCOMRAM 000001
___llmod@divisor                        cstackCOMRAM 000005
___lmul                                 text60       005356
___lmul@multiplicand                    cstackCOMRAM 000005
___lmul@multiplier                      cstackCOMRAM 000001
___lmul@product                         cstackCOMRAM 000009
___omul                                 text9        004F3C
___omul@multiplicand                    cstackCOMRAM 000009
___omul@multiplier                      cstackCOMRAM 000001
___omul@product                         cstackCOMRAM 000011
___param_bank                           (abs)        000000
___rparam_used                          (abs)        000001
___sp                                   stack        000000
___strtoxll                             text2        001A22
___strtoxll@a                           cstackCOMRAM 00003C
___strtoxll@base                        cstackCOMRAM 00001D
___strtoxll@c                           cstackCOMRAM 000046
___strtoxll@conv_done                   cstackCOMRAM 000031
___strtoxll@cp                          cstackCOMRAM 000044
___strtoxll@endptr                      cstackCOMRAM 00001B
___strtoxll@is_signed                   cstackCOMRAM 00001F
___strtoxll@limit                       cstackCOMRAM 000032
___strtoxll@prev_a                      cstackCOMRAM 000029
___strtoxll@s                           cstackCOMRAM 000019
___strtoxll@sign                        cstackCOMRAM 00003A
___strtoxll@skip                        cstackCOMRAM 00003B
___wmul                                 text18       00594E
___wmul@multiplicand                    cstackCOMRAM 000003
___wmul@multiplier                      cstackCOMRAM 000001
___wmul@product                         cstackCOMRAM 000005
___xxtofl                               text59       003C08
___xxtofl@arg                           cstackCOMRAM 00000B
___xxtofl@exp                           cstackCOMRAM 00000A
___xxtofl@sign                          cstackCOMRAM 000009
___xxtofl@val                           cstackCOMRAM 000001
__accesstop                             (abs)        000080
__activetblptr                          (abs)        000002
__end_of___aldiv                        text40       00458E
__end_of___almod                        text39       004982
__end_of___fladd                        text27       002EB6
__end_of___fldiv                        text32       00367A
__end_of___fleq                         text31       004E98
__end_of___flge                         text30       004798
__end_of___flmul                        text29       0032E0
__end_of___flneg                        text28       0058F6
__end_of___flsub                        text26       0056CA
__end_of___fltol                        text25       004694
__end_of___fpclassifyf                  text24       004896
__end_of___lldiv                        text16       004F3C
__end_of___llmod                        text15       005178
__end_of___lmul                         text60       0053C0
__end_of___omul                         text9        004FDA
__end_of___strtoxll                     text2        001F8A
__end_of___wmul                         text18       005974
__end_of___xxtofl                       text59       003DBC
__end_of__initialization                cinit        00541E
__end_of_abs                            text38       005814
__end_of_application_init               text50       0059CA
__end_of_dtoa                           text33       003A54
__end_of_ecu_layer_init                 text51       0059C4
__end_of_efgtoa                         text19       001A22
__end_of_floorf                         text23       00388C
__end_of_fputc                          text36       004A4C
__end_of_fputs                          text35       00570E
__end_of_gpio_pin_direction_init        text57       003F3C
__end_of_gpio_pin_read_logic            text49       004C8C
__end_of_gpio_pin_write_logic           text58       004366
__end_of_isalnum                        text7        0054EE
__end_of_isalpha                        text8        0058BE
__end_of_isdigit                        text6        00594E
__end_of_islower                        text4        005922
__end_of_isspace                        text5        005684
__end_of_keypad_elements                smallconst   001011
__end_of_keypad_get_value               text48       003C08
__end_of_keypad_initialization          text56       004BD2
__end_of_labs                           text22       00548E
__end_of_lcd_4bit_initialize            text52       00421C
__end_of_lcd_4bit_send_char_data        text47       0052E6
__end_of_lcd_4bit_send_char_data_pos    text45       005752
__end_of_lcd_4bit_send_command          text53       005066
__end_of_lcd_4bit_send_custom_char      text44       0051FA
__end_of_lcd_4bit_send_enable           text55       00584E
__end_of_lcd_4bit_send_string           text43       0050F0
__end_of_lcd_4bit_send_string_pos       text42       00554E
__end_of_lcd_4bit_set_cursor            text46       004DEE
__end_of_lcd_send_4bit                  text54       004D3E
__end_of_main                           text0        0024EC
__end_of_memcpy                         text21       00563E
__end_of_memset                         text41       0040B2
__end_of_pad                            text34       005274
__end_of_putch                          text37       0059CC
__end_of_read_prec_or_width             text17       004B12
__end_of_sprintf                        text11       00559E
__end_of_strcmp                         text10       005356
__end_of_strcpy                         text20       0057D4
__end_of_strtoll                        text1        005794
__end_of_toupper                        text3        005886
__end_of_utoa                           text14       004482
__end_of_vfpfcnvrt                      text13       0029F6
__end_of_vfprintf                       text12       0055EE
__initialization                        cinit        0053C0
__mediumconst                           mediumconst  000000
__pbssBANK0                             bssBANK0     000080
__pbssBANK1                             bssBANK1     000100
__pbssCOMRAM                            bssCOMRAM    00007D
__pcinit                                cinit        0053C0
__pcstackBANK0                          cstackBANK0  0000B5
__pcstackCOMRAM                         cstackCOMRAM 000001
__pdataBANK0                            dataBANK0    0000E0
__pdataBANK1                            dataBANK1    0001C8
__pidataBANK0                           idataBANK0   005974
__pidataBANK1                           idataBANK1   00598F
__psmallconst                           smallconst   001000
__ptext0                                text0        001F8A
__ptext1                                text1        005752
__ptext10                               text10       0052E6
__ptext11                               text11       00554E
__ptext12                               text12       00559E
__ptext13                               text13       0024EC
__ptext14                               text14       004366
__ptext15                               text15       0050F0
__ptext16                               text16       004E98
__ptext17                               text17       004A4C
__ptext18                               text18       00594E
__ptext19                               text19       001054
__ptext2                                text2        001A22
__ptext20                               text20       005794
__ptext21                               text21       0055EE
__ptext22                               text22       005428
__ptext23                               text23       00367A
__ptext24                               text24       004798
__ptext25                               text25       00458E
__ptext26                               text26       005684
__ptext27                               text27       0029F6
__ptext28                               text28       0058BE
__ptext29                               text29       002EB6
__ptext3                                text3        00584E
__ptext30                               text30       004694
__ptext31                               text31       004DEE
__ptext32                               text32       0032E0
__ptext33                               text33       00388C
__ptext34                               text34       0051FA
__ptext35                               text35       0056CA
__ptext36                               text36       004982
__ptext37                               text37       0059CA
__ptext38                               text38       0057D4
__ptext39                               text39       004896
__ptext4                                text4        0058F6
__ptext40                               text40       004482
__ptext41                               text41       003F3C
__ptext42                               text42       0054EE
__ptext43                               text43       005066
__ptext44                               text44       005178
__ptext45                               text45       00570E
__ptext46                               text46       004D3E
__ptext47                               text47       005274
__ptext48                               text48       003A54
__ptext49                               text49       004BD2
__ptext5                                text5        00563E
__ptext50                               text50       0059C4
__ptext51                               text51       0059AA
__ptext52                               text52       0040B2
__ptext53                               text53       004FDA
__ptext54                               text54       004C8C
__ptext55                               text55       005814
__ptext56                               text56       004B12
__ptext57                               text57       003DBC
__ptext58                               text58       00421C
__ptext59                               text59       003C08
__ptext6                                text6        005922
__ptext60                               text60       005356
__ptext7                                text7        00548E
__ptext8                                text8        005886
__ptext9                                text9        004F3C
__ramtop                                ramtop       001000
__smallconst                            smallconst   001000
_abs                                    text38       0057D4
_application_init                       text50       0059C4
_counter                                bssBANK0     00009F
_counter2                               bssBANK0     00009E
_dbuf                                   bssBANK1     000164
_dtoa                                   text33       00388C
_dtoa$1458                              cstackCOMRAM 000022
_ecu_layer_init                         text51       0059AA
_efgtoa                                 text19       001054
_efgtoa$1489                            cstackCOMRAM 00004B
_errno                                  bssBANK0     000098
_flag                                   bssBANK0     00009D
_flags                                  bssBANK0     00009C
_float_res                              bssBANK0     000088
_floorf                                 text23       00367A
_fputc                                  text36       004982
_fputs                                  text35       0056CA
_gpio_pin_direction_init                text57       003DBC
_gpio_pin_read_logic                    text49       004BD2
_gpio_pin_write_logic                   text58       00421C
_isalnum                                text7        00548E
_isalnum$1682                           cstackCOMRAM 00000D
_isalpha                                text8        005886
_isdigit                                text6        005922
_islower                                text4        0058F6
_isspace                                text5        00563E
_isspace$1710                           cstackCOMRAM 000005
_keypad                                 dataBANK1    0001DA
_keypad_elements                        smallconst   001001
_keypad_get_value                       text48       003A54
_keypad_initialization                  text56       004B12
_keypad_value                           bssCOMRAM    00007F
_labs                                   text22       005428
_lat_registers                          dataBANK0    0000E0
_lcd_2                                  dataBANK0    0000F5
_lcd_4bit_initialize                    text52       0040B2
_lcd_4bit_send_char_data                text47       005274
_lcd_4bit_send_char_data_pos            text45       00570E
_lcd_4bit_send_command                  text53       004FDA
_lcd_4bit_send_custom_char              text44       005178
_lcd_4bit_send_enable                   text55       005814
_lcd_4bit_send_string                   text43       005066
_lcd_4bit_send_string_pos               text42       0054EE
_lcd_4bit_set_cursor                    text46       004D3E
_lcd_send_4bit                          text54       004C8C
_main                                   text0        001F8A
_memcpy                                 text21       0055EE
_memset                                 text41       003F3C
_number1                                bssBANK0     000094
_number2                                bssBANK0     000090
_number_str                             bssBANK0     0000A8
_operator                               dataBANK0    0000F4
_pad                                    text34       0051FA
_port_registers                         dataBANK1    0001C8
_prec                                   bssCOMRAM    00007D
_ptr                                    bssBANK0     0000B3
_putch                                  text37       0059CA
_read_prec_or_width                     text17       004A4C
_result                                 bssBANK0     00008C
_result_str                             bssBANK1     0001B4
_ret                                    bssBANK0     0000A0
_smile                                  dataBANK1    0001D2
_sprintf                                text11       00554E
_strcmp                                 text10       0052E6
_strcpy                                 text20       005794
_string                                 bssBANK1     000100
_strtoll                                text1        005752
_toupper                                text3        00584E
_tris_registers                         dataBANK0    0000EA
_utoa                                   text14       004366
_vfpfcnvrt                              text13       0024EC
_vfprintf                               text12       00559E
_width                                  bssBANK0     00009A
abs@a                                   cstackCOMRAM 00000B
dtoa@d                                  cstackCOMRAM 00001E
dtoa@fp                                 cstackCOMRAM 00001C
dtoa@i                                  cstackCOMRAM 000028
dtoa@p                                  cstackCOMRAM 000024
dtoa@s                                  cstackCOMRAM 00002A
dtoa@w                                  cstackCOMRAM 000026
efgtoa@c                                cstackCOMRAM 000042
efgtoa@d                                cstackCOMRAM 000050
efgtoa@e                                cstackCOMRAM 000054
efgtoa@f                                cstackCOMRAM 00003E
efgtoa@fp                               cstackCOMRAM 00003C
efgtoa@g                                cstackCOMRAM 000069
efgtoa@h                                cstackCOMRAM 00005E
efgtoa@i                                cstackCOMRAM 00005C
efgtoa@l                                cstackCOMRAM 000062
efgtoa@m                                cstackCOMRAM 000052
efgtoa@mode                             cstackCOMRAM 00004E
efgtoa@n                                cstackCOMRAM 000067
efgtoa@ne                               cstackCOMRAM 000045
efgtoa@nmode                            cstackCOMRAM 00004F
efgtoa@ou                               cstackCOMRAM 000058
efgtoa@p                                cstackCOMRAM 000047
efgtoa@pp                               cstackCOMRAM 00004D
efgtoa@sign                             cstackCOMRAM 000066
efgtoa@t                                cstackCOMRAM 000049
efgtoa@u                                cstackCOMRAM 00006D
efgtoa@w                                cstackCOMRAM 000056
end_of_initialization                   cinit        00541E
floorf@F526                             bssBANK0     000080
floorf@e                                cstackCOMRAM 000036
floorf@m                                cstackCOMRAM 000032
floorf@u                                cstackCOMRAM 000038
floorf@x                                cstackCOMRAM 000028
fputc@c                                 cstackCOMRAM 000001
fputc@fp                                cstackCOMRAM 000003
fputs@c                                 cstackCOMRAM 00000E
fputs@fp                                cstackCOMRAM 00000C
fputs@i                                 cstackCOMRAM 00000F
fputs@s                                 cstackCOMRAM 00000A
gpio_pin_direction_init@_pin_config     cstackCOMRAM 00000B
gpio_pin_direction_init@ret             cstackCOMRAM 000013
gpio_pin_read_logic@_logic              cstackCOMRAM 000003
gpio_pin_read_logic@_pin_config         cstackCOMRAM 000001
gpio_pin_write_logic@_logic             cstackCOMRAM 000003
gpio_pin_write_logic@_pin_config        cstackCOMRAM 000001
gpio_pin_write_logic@ret                cstackCOMRAM 00000A
intlevel0                               text         000000
intlevel1                               text         000000
intlevel2                               text         000000
intlevel3                               text         000000
isa$std                                 (abs)        000001
isa$xinst                               (abs)        000000
isalnum@c                               cstackCOMRAM 000007
isalpha@c                               cstackCOMRAM 000001
isdigit@c                               cstackCOMRAM 000001
islower@c                               cstackCOMRAM 000001
isspace@c                               cstackCOMRAM 000001
keypad_get_value@column_counter         cstackCOMRAM 000011
keypad_get_value@column_value           cstackCOMRAM 000012
keypad_get_value@keypad_config          cstackCOMRAM 00000B
keypad_get_value@row_counter            cstackCOMRAM 000013
keypad_get_value@value                  cstackCOMRAM 00000D
keypad_initialization@cnt               cstackCOMRAM 000019
keypad_initialization@flg               cstackCOMRAM 000018
keypad_initialization@keypad_config     cstackCOMRAM 000014
labs@a                                  cstackCOMRAM 000001
lcd_4bit_initialize@_lcd_config         cstackCOMRAM 000014
lcd_4bit_initialize@l_data_pins_cnt     cstackCOMRAM 000019
lcd_4bit_initialize@ret                 cstackCOMRAM 000018
lcd_4bit_send_char_data@_lcd_config     cstackCOMRAM 00000F
lcd_4bit_send_char_data@data            cstackCOMRAM 000011
lcd_4bit_send_char_data@ret             cstackCOMRAM 000012
lcd_4bit_send_char_data_pos@_lcd_config cstackCOMRAM 00001A
lcd_4bit_send_char_data_pos@col         cstackCOMRAM 00001D
lcd_4bit_send_char_data_pos@data        cstackCOMRAM 00001E
lcd_4bit_send_char_data_pos@ret         cstackCOMRAM 00001F
lcd_4bit_send_char_data_pos@row         cstackCOMRAM 00001C
lcd_4bit_send_command@_lcd_config       cstackCOMRAM 00000F
lcd_4bit_send_command@cmd               cstackCOMRAM 000011
lcd_4bit_send_command@ret               cstackCOMRAM 000012
lcd_4bit_send_custom_char@_chr          cstackCOMRAM 000024
lcd_4bit_send_custom_char@_lcd_config   cstackCOMRAM 000020
lcd_4bit_send_custom_char@col           cstackCOMRAM 000023
lcd_4bit_send_custom_char@l_cnt         cstackCOMRAM 000028
lcd_4bit_send_custom_char@mempos        cstackCOMRAM 000026
lcd_4bit_send_custom_char@ret           cstackCOMRAM 000027
lcd_4bit_send_custom_char@row           cstackCOMRAM 000022
lcd_4bit_send_enable@_lcd_config        cstackCOMRAM 00000B
lcd_4bit_send_enable@ret                cstackCOMRAM 00000D
lcd_4bit_send_string@_lcd_config        cstackCOMRAM 000013
lcd_4bit_send_string@ret                cstackCOMRAM 000017
lcd_4bit_send_string@str                cstackCOMRAM 000015
lcd_4bit_send_string_pos@_lcd_config    cstackCOMRAM 00001A
lcd_4bit_send_string_pos@col            cstackCOMRAM 00001D
lcd_4bit_send_string_pos@ret            cstackCOMRAM 000020
lcd_4bit_send_string_pos@row            cstackCOMRAM 00001C
lcd_4bit_send_string_pos@str            cstackCOMRAM 00001E
lcd_4bit_set_cursor@_lcd_config         cstackCOMRAM 000013
lcd_4bit_set_cursor@column              cstackCOMRAM 000016
lcd_4bit_set_cursor@ret                 cstackCOMRAM 000019
lcd_4bit_set_cursor@row                 cstackCOMRAM 000015
lcd_send_4bit@_data_cmd                 cstackCOMRAM 00000D
lcd_send_4bit@_lcd_config               cstackCOMRAM 00000B
lcd_send_4bit@ret                       cstackCOMRAM 00000E
led_initialization@F3048                bssBANK0     0000A7
led_off@F3058                           bssBANK0     0000A5
led_on@F3053                            bssBANK0     0000A6
led_toggle@F3063                        bssBANK0     0000A4
memcpy@d                                cstackCOMRAM 000007
memcpy@d1                               cstackCOMRAM 000001
memcpy@n                                cstackCOMRAM 000005
memcpy@s                                cstackCOMRAM 000009
memcpy@s1                               cstackCOMRAM 000003
memcpy@tmp                              cstackCOMRAM 00000B
memset@c                                cstackCOMRAM 000003
memset@dest                             cstackCOMRAM 000001
memset@k                                cstackCOMRAM 000009
memset@n                                cstackCOMRAM 000005
memset@s                                cstackCOMRAM 00000B
pad@buf                                 cstackCOMRAM 000013
pad@fp                                  cstackCOMRAM 000011
pad@i                                   cstackCOMRAM 000018
pad@p                                   cstackCOMRAM 000015
pad@w                                   cstackCOMRAM 00001A
read_prec_or_width@ap                   cstackCOMRAM 000009
read_prec_or_width@c                    cstackCOMRAM 00000D
read_prec_or_width@fmt                  cstackCOMRAM 000007
read_prec_or_width@n                    cstackCOMRAM 00000E
relay_initialization@F3047              bssBANK0     0000A3
relay_off@F3057                         bssBANK0     0000A1
relay_on@F3052                          bssBANK0     0000A2
sprintf@ap                              cstackBANK0  0000CA
sprintf@f                               cstackBANK0  0000CC
sprintf@fmt                             cstackBANK0  0000C4
sprintf@s                               cstackBANK0  0000C2
stackhi                                 (abs)        000000
stacklo                                 (abs)        000000
start                                   init         000000
start_initialization                    cinit        0053C0
strcmp@l                                cstackCOMRAM 000001
strcmp@r                                cstackCOMRAM 000003
strcpy@d                                cstackCOMRAM 000007
strcpy@dest                             cstackCOMRAM 000001
strcpy@s                                cstackCOMRAM 000005
strcpy@src                              cstackCOMRAM 000003
strtoll@base                            cstackCOMRAM 00004B
strtoll@endptr                          cstackCOMRAM 000049
strtoll@s                               cstackCOMRAM 000047
toupper@c                               cstackCOMRAM 000005
utoa@d                                  cstackCOMRAM 00001E
utoa@fp                                 cstackCOMRAM 00001C
utoa@i                                  cstackCOMRAM 000026
utoa@p                                  cstackCOMRAM 000024
utoa@w                                  cstackCOMRAM 000022
vfpfcnvrt@ap                            cstackCOMRAM 000075
vfpfcnvrt@c                             cstackBANK0  0000B9
vfpfcnvrt@convarg                       cstackBANK0  0000B5
vfpfcnvrt@cp                            cstackBANK0  0000BA
vfpfcnvrt@fmt                           cstackCOMRAM 000073
vfpfcnvrt@fp                            cstackCOMRAM 000071
vfprintf@ap                             cstackBANK0  0000C0
vfprintf@cfmt                           cstackCOMRAM 00007B
vfprintf@fmt                            cstackBANK0  0000BE
vfprintf@fp                             cstackBANK0  0000BC


MODULE INFORMATION

Module		Function		Class		Link	Load	Size
C:\Program Files\Microchip\xc8\v2.41\pic\sources\c99\common\__fpclassifyf.c
		___fpclassifyf 		CODE           	4798	0000	254

C:\Program Files\Microchip\xc8\v2.41\pic\sources\c99\common\__fpclassifyf.c estimated size: 254

C:\Program Files\Microchip\xc8\v2.41\pic\sources\c99\common\toupper.c
		_toupper       		CODE           	584E	0000	56

C:\Program Files\Microchip\xc8\v2.41\pic\sources\c99\common\toupper.c estimated size: 56

C:\Program Files\Microchip\xc8\v2.41\pic\sources\c99\common\floorf.c
		_floorf        		CODE           	367A	0000	530

C:\Program Files\Microchip\xc8\v2.41\pic\sources\c99\common\floorf.c estimated size: 530

C:\Program Files\Microchip\xc8\v2.41\pic\sources\c99\common\isalpha.c
		_isalpha       		CODE           	5886	0000	56

C:\Program Files\Microchip\xc8\v2.41\pic\sources\c99\common\isalpha.c estimated size: 56

C:\Program Files\Microchip\xc8\v2.41\pic\sources\c99\common\flge.c
		___flge        		CODE           	4694	0000	260

C:\Program Files\Microchip\xc8\v2.41\pic\sources\c99\common\flge.c estimated size: 260

C:\Program Files\Microchip\xc8\v2.41\pic\sources\c99\common\llmod.c
		___llmod       		CODE           	50F0	0000	136

C:\Program Files\Microchip\xc8\v2.41\pic\sources\c99\common\llmod.c estimated size: 136

C:\Program Files\Microchip\xc8\v2.41\pic\sources\c99\common\almod.c
		___almod       		CODE           	4896	0000	236

C:\Program Files\Microchip\xc8\v2.41\pic\sources\c99\common\almod.c estimated size: 236

C:\Program Files\Microchip\xc8\v2.41\pic\sources\c99\common\Umul32.c
		___lmul        		CODE           	5356	0000	106

C:\Program Files\Microchip\xc8\v2.41\pic\sources\c99\common\Umul32.c estimated size: 106

C:\Program Files\Microchip\xc8\v2.41\pic\sources\c99\common\__strtoxll.c
		___strtoxll    		CODE           	1A22	0000	1384

C:\Program Files\Microchip\xc8\v2.41\pic\sources\c99\common\__strtoxll.c estimated size: 1384

Mcal_Layer/GPIO/hal_gpio.c
		_gpio_pin_write_logic		CODE           	421C	0000	330
		_gpio_pin_direction_init		CODE           	3DBC	0000	384
		_gpio_pin_read_logic		CODE           	4BD2	0000	186

Mcal_Layer/GPIO/hal_gpio.c estimated size: 900

C:\Program Files\Microchip\xc8\v2.41\pic\sources\c99\common\fltol.c
		___fltol       		CODE           	458E	0000	262

C:\Program Files\Microchip\xc8\v2.41\pic\sources\c99\common\fltol.c estimated size: 262

C:\Program Files\Microchip\xc8\v2.41\pic\sources\c99\common\xxtofl.c
		___xxtofl      		CODE           	3C08	0000	436

C:\Program Files\Microchip\xc8\v2.41\pic\sources\c99\common\xxtofl.c estimated size: 436

C:\Program Files\Microchip\xc8\v2.41\pic\sources\c99\common\__lldiv.c
		___lldiv       		CODE           	4E98	0000	164

C:\Program Files\Microchip\xc8\v2.41\pic\sources\c99\common\__lldiv.c estimated size: 164

C:\Program Files\Microchip\xc8\v2.41\pic\sources\c99\common\nf_fputc.c
		_fputc         		CODE           	4982	0000	202

C:\Program Files\Microchip\xc8\v2.41\pic\sources\c99\common\nf_fputc.c estimated size: 202

C:\Program Files\Microchip\xc8\v2.41\pic\sources\c99\common\strcmp.c
		_strcmp        		CODE           	52E6	0000	112

C:\Program Files\Microchip\xc8\v2.41\pic\sources\c99\common\strcmp.c estimated size: 112

C:\Program Files\Microchip\xc8\v2.41\pic\sources\c99\common\strcpy.c
		_strcpy        		CODE           	5794	0000	64

C:\Program Files\Microchip\xc8\v2.41\pic\sources\c99\common\strcpy.c estimated size: 64

C:\Program Files\Microchip\xc8\v2.41\pic\sources\c99\common\memset.c
		_memset        		CODE           	3F3C	0000	374

C:\Program Files\Microchip\xc8\v2.41\pic\sources\c99\common\memset.c estimated size: 374

C:\Program Files\Microchip\xc8\v2.41\pic\sources\c99\common\isdigit.c
		_isdigit       		CODE           	5922	0000	44

C:\Program Files\Microchip\xc8\v2.41\pic\sources\c99\common\isdigit.c estimated size: 44

C:\Program Files\Microchip\xc8\v2.41\pic\sources\c99\common\nf_sprintf.c
		_sprintf       		CODE           	554E	0000	80

C:\Program Files\Microchip\xc8\v2.41\pic\sources\c99\common\nf_sprintf.c estimated size: 80

C:\Program Files\Microchip\xc8\v2.41\pic\sources\c99\common\sprcadd.c
		___flsub       		CODE           	5684	0000	70
		___fladd       		CODE           	29F6	0000	1216

C:\Program Files\Microchip\xc8\v2.41\pic\sources\c99\common\sprcadd.c estimated size: 1286

C:\Program Files\Microchip\xc8\v2.41\pic\sources\c99\common\aldiv.c
		___aldiv       		CODE           	4482	0000	268

C:\Program Files\Microchip\xc8\v2.41\pic\sources\c99\common\aldiv.c estimated size: 268

C:\Program Files\Microchip\xc8\v2.41\pic\sources\c99\common\abs.c
		_abs           		CODE           	57D4	0000	64

C:\Program Files\Microchip\xc8\v2.41\pic\sources\c99\common\abs.c estimated size: 64

C:\Program Files\Microchip\xc8\v2.41\pic\sources\c99\common\doprnt.c
		_read_prec_or_width		CODE           	4A4C	0000	198
		_vfpfcnvrt     		CODE           	24EC	0000	1290
		_efgtoa        		CODE           	1054	0000	2510
		_pad           		CODE           	51FA	0000	122
		_dtoa          		CODE           	388C	0000	456
		_vfprintf      		CODE           	559E	0000	80
		_utoa          		CODE           	4366	0000	284

C:\Program Files\Microchip\xc8\v2.41\pic\sources\c99\common\doprnt.c estimated size: 4940

C:\Program Files\Microchip\xc8\v2.41\pic\sources\c99\common\flneg.c
		___flneg       		CODE           	58BE	0000	56

C:\Program Files\Microchip\xc8\v2.41\pic\sources\c99\common\flneg.c estimated size: 56

C:\Program Files\Microchip\xc8\v2.41\pic\sources\c99\common\isalnum.c
		_isalnum       		CODE           	548E	0000	96

C:\Program Files\Microchip\xc8\v2.41\pic\sources\c99\common\isalnum.c estimated size: 96

C:\Program Files\Microchip\xc8\v2.41\pic\sources\c99\common\fleq.c
		___fleq        		CODE           	4DEE	0000	170

C:\Program Files\Microchip\xc8\v2.41\pic\sources\c99\common\fleq.c estimated size: 170

ECU_Layer/Keypad/ecu_keypad.c
		_keypad_initialization		CODE           	4B12	0000	192
		_keypad_get_value		CODE           	3A54	0000	436

ECU_Layer/Keypad/ecu_keypad.c estimated size: 628

shared
		_keypad_elements		SMALLCONST     	1001	0000	16
		__initialization		CODE           	53C0	0000	94

shared estimated size: 110

C:\Program Files\Microchip\xc8\v2.41\pic\sources\c99\common\memcpy.c
		_memcpy        		CODE           	55EE	0000	80

C:\Program Files\Microchip\xc8\v2.41\pic\sources\c99\common\memcpy.c estimated size: 80

C:\Program Files\Microchip\xc8\v2.41\pic\sources\c99\common\Umul64.c
		___omul        		CODE           	4F3C	0000	158

C:\Program Files\Microchip\xc8\v2.41\pic\sources\c99\common\Umul64.c estimated size: 158

C:\Program Files\Microchip\xc8\v2.41\pic\sources\c99\common\Umul16.c
		___wmul        		CODE           	594E	0000	38

C:\Program Files\Microchip\xc8\v2.41\pic\sources\c99\common\Umul16.c estimated size: 38

C:\Program Files\Microchip\xc8\v2.41\pic\sources\c99\common\putch.c
		_putch         		CODE           	59CA	0000	2

C:\Program Files\Microchip\xc8\v2.41\pic\sources\c99\common\putch.c estimated size: 2

C:\Program Files\Microchip\xc8\v2.41\pic\sources\c99\common\nf_fputs.c
		_fputs         		CODE           	56CA	0000	68

C:\Program Files\Microchip\xc8\v2.41\pic\sources\c99\common\nf_fputs.c estimated size: 68

ECU_Layer/ecu_layer_init.c
		_ecu_layer_init		CODE           	59AA	0000	26

ECU_Layer/ecu_layer_init.c estimated size: 26

C:\Program Files\Microchip\xc8\v2.41\pic\sources\c99\common\isspace.c
		_isspace       		CODE           	563E	0000	70

C:\Program Files\Microchip\xc8\v2.41\pic\sources\c99\common\isspace.c estimated size: 70

ECU_Layer/Lcd/ecu_lcd.c
		_lcd_send_4bit 		CODE           	4C8C	0000	178
		_lcd_4bit_send_command		CODE           	4FDA	0000	140
		_lcd_4bit_send_string_pos		CODE           	54EE	0000	96
		_lcd_4bit_send_char_data		CODE           	5274	0000	114
		_lcd_4bit_send_enable		CODE           	5814	0000	58
		_lcd_4bit_send_char_data_pos		CODE           	570E	0000	68
		_lcd_4bit_set_cursor		CODE           	4D3E	0000	176
		_lcd_4bit_send_custom_char		CODE           	5178	0000	130
		_lcd_4bit_initialize		CODE           	40B2	0000	362
		_lcd_4bit_send_string		CODE           	5066	0000	138

ECU_Layer/Lcd/ecu_lcd.c estimated size: 1460

C:\Program Files\Microchip\xc8\v2.41\pic\sources\c99\common\strtoll.c
		_strtoll       		CODE           	5752	0000	66

C:\Program Files\Microchip\xc8\v2.41\pic\sources\c99\common\strtoll.c estimated size: 66

application.c
		_main          		CODE           	1F8A	0000	1378
		_application_init		CODE           	59C4	0000	6

application.c estimated size: 1384

C:\Program Files\Microchip\xc8\v2.41\pic\sources\c99\common\islower.c
		_islower       		CODE           	58F6	0000	44

C:\Program Files\Microchip\xc8\v2.41\pic\sources\c99\common\islower.c estimated size: 44

C:\Program Files\Microchip\xc8\v2.41\pic\sources\c99\common\labs.c
		_labs          		CODE           	5428	0000	102

C:\Program Files\Microchip\xc8\v2.41\pic\sources\c99\common\labs.c estimated size: 102

C:\Program Files\Microchip\xc8\v2.41\pic\sources\c99\common\sprcmul.c
		___flmul       		CODE           	2EB6	0000	1066

C:\Program Files\Microchip\xc8\v2.41\pic\sources\c99\common\sprcmul.c estimated size: 1066

C:\Program Files\Microchip\xc8\v2.41\pic\sources\c99\common\sprcdiv.c
		___fldiv       		CODE           	32E0	0000	922

C:\Program Files\Microchip\xc8\v2.41\pic\sources\c99\common\sprcdiv.c estimated size: 922

